// Jest Snapshot v1, https://goo.gl/fbAQLP

exports[`PhotoList is rendering renders 1`] = `
<DocumentFragment>
  <div>
    <div
      class="flex-row"
    >
      <img
        alt="Doggypedia"
        class="img-thumbnail mx-1"
        src="0.jpg"
      />
      <img
        alt="Health Log"
        class="img-thumbnail mx-1"
        src="1.jpg"
      />
      <img
        alt="Weather Dashboard"
        class="img-thumbnail mx-1"
        src="2.jpg"
      />
      <img
        alt="Workday Scheduler"
        class="img-thumbnail mx-1"
        src="3.jpg"
      />
    </div>
  </div>
</DocumentFragment>
`;
